Component: ARM Compiler 5.06 update 3 (build 300) Tool: armlink [4d35c9]

==============================================================================

Section Cross References

    main.o(i.Task1_Entry) refers to main.o(i.delay) for delay
    main.o(i.Task1_Entry) refers to main.o(.data) for flag1
    main.o(i.Task2_Entry) refers to main.o(i.delay) for delay
    main.o(i.Task2_Entry) refers to main.o(.data) for flag2
    main.o(i.Task3_Entry) refers to task.o(i.vTaskDelay) for vTaskDelay
    main.o(i.Task3_Entry) refers to main.o(.data) for flag3
    main.o(i.main) refers to task.o(i.xTaskCreateStatic) for xTaskCreateStatic
    main.o(i.main) refers to task.o(i.vTaskStartScheduler) for vTaskStartScheduler
    main.o(i.main) refers to main.o(.bss) for Task1TCB
    main.o(i.main) refers to main.o(i.Task1_Entry) for Task1_Entry
    main.o(i.main) refers to main.o(.data) for Task1_Handle
    main.o(i.main) refers to main.o(i.Task2_Entry) for Task2_Entry
    main.o(i.main) refers to main.o(i.Task3_Entry) for Task3_Entry
    main.o(i.vApplicationGetIdleTaskMemory) refers to main.o(.bss) for IdleTaskTCB
    task.o(i.prvAddCurrentTaskToDelayedList) refers to list.o(i.uxListRemove) for uxListRemove
    task.o(i.prvAddCurrentTaskToDelayedList) refers to list.o(i.vListInsert) for vListInsert
    task.o(i.prvAddCurrentTaskToDelayedList) refers to task.o(.data) for xTickCount
    task.o(i.prvAddNewTaskToReadyList) refers to port.o(i.vPortEnterCritical) for vPortEnterCritical
    task.o(i.prvAddNewTaskToReadyList) refers to task.o(i.prvInitialiseTaskLists) for prvInitialiseTaskLists
    task.o(i.prvAddNewTaskToReadyList) refers to list.o(i.vListInsertEnd) for vListInsertEnd
    task.o(i.prvAddNewTaskToReadyList) refers to port.o(i.vPortExitCritical) for vPortExitCritical
    task.o(i.prvAddNewTaskToReadyList) refers to task.o(.data) for uxCurrentNumberOfTasks
    task.o(i.prvAddNewTaskToReadyList) refers to task.o(.bss) for pxReadyTasksLists
    task.o(i.prvInitialiseNewTask) refers to list.o(i.vListInitialiseItem) for vListInitialiseItem
    task.o(i.prvInitialiseNewTask) refers to port.o(i.pxPortInitialiseStack) for pxPortInitialiseStack
    task.o(i.prvInitialiseTaskLists) refers to list.o(i.vListInitialise) for vListInitialise
    task.o(i.prvInitialiseTaskLists) refers to task.o(.bss) for pxReadyTasksLists
    task.o(i.prvInitialiseTaskLists) refers to task.o(.data) for pxDelayedTaskList
    task.o(i.prvResetNextTaskUnblockTime) refers to task.o(.data) for pxDelayedTaskList
    task.o(i.vTaskDelay) refers to task.o(i.prvAddCurrentTaskToDelayedList) for prvAddCurrentTaskToDelayedList
    task.o(i.vTaskDelay) refers to task.o(.data) for pxCurrentTCB
    task.o(i.vTaskStartScheduler) refers to main.o(i.vApplicationGetIdleTaskMemory) for vApplicationGetIdleTaskMemory
    task.o(i.vTaskStartScheduler) refers to task.o(i.xTaskCreateStatic) for xTaskCreateStatic
    task.o(i.vTaskStartScheduler) refers to port.o(i.xPortStartScheduler) for xPortStartScheduler
    task.o(i.vTaskStartScheduler) refers to task.o(i.prvIdleTask) for prvIdleTask
    task.o(i.vTaskStartScheduler) refers to task.o(.data) for xIdleTaskHandle
    task.o(i.vTaskSwitchContext) refers to task.o(.data) for uxTopReadyPriority
    task.o(i.vTaskSwitchContext) refers to task.o(.bss) for pxReadyTasksLists
    task.o(i.xTaskCreateStatic) refers to task.o(i.prvInitialiseNewTask) for prvInitialiseNewTask
    task.o(i.xTaskCreateStatic) refers to task.o(i.prvAddNewTaskToReadyList) for prvAddNewTaskToReadyList
    task.o(i.xTaskIncrementTick) refers to task.o(i.prvResetNextTaskUnblockTime) for prvResetNextTaskUnblockTime
    task.o(i.xTaskIncrementTick) refers to list.o(i.uxListRemove) for uxListRemove
    task.o(i.xTaskIncrementTick) refers to list.o(i.vListInsertEnd) for vListInsertEnd
    task.o(i.xTaskIncrementTick) refers to task.o(.data) for xTickCount
    task.o(i.xTaskIncrementTick) refers to task.o(.bss) for pxReadyTasksLists
    port.o(.emb_text) refers to task.o(.data) for pxCurrentTCB
    port.o(.emb_text) refers to task.o(i.vTaskSwitchContext) for vTaskSwitchContext
    port.o(i.SysTick_Handler) refers to task.o(i.xTaskIncrementTick) for xTaskIncrementTick
    port.o(i.pxPortInitialiseStack) refers to port.o(i.prvTaskExitError) for prvTaskExitError
    port.o(i.vPortEnterCritical) refers to port.o(.data) for uxCriticalNesting
    port.o(i.vPortExitCritical) refers to port.o(.data) for uxCriticalNesting
    port.o(i.xPortStartScheduler) refers to port.o(i.vPortSetupTimerInterrupt) for vPortSetupTimerInterrupt
    port.o(i.xPortStartScheduler) refers to port.o(.emb_text) for prvStartFirstTask
    startup_armcm3.o(STACK) refers (Special) to heapauxi.o(.text) for __use_two_region_memory
    startup_armcm3.o(HEAP) refers (Special) to heapauxi.o(.text) for __use_two_region_memory
    startup_armcm3.o(RESET) refers (Special) to heapauxi.o(.text) for __use_two_region_memory
    startup_armcm3.o(RESET) refers to startup_armcm3.o(STACK) for __initial_sp
    startup_armcm3.o(RESET) refers to startup_armcm3.o(.text) for Reset_Handler
    startup_armcm3.o(RESET) refers to port.o(.emb_text) for SVC_Handler
    startup_armcm3.o(RESET) refers to port.o(i.SysTick_Handler) for SysTick_Handler
    startup_armcm3.o(.text) refers (Special) to heapauxi.o(.text) for __use_two_region_memory
    startup_armcm3.o(.text) refers to system_armcm3.o(i.SystemInit) for SystemInit
    startup_armcm3.o(.text) refers to __main.o(!!!main) for __main
    startup_armcm3.o(.text) refers to startup_armcm3.o(HEAP) for Heap_Mem
    startup_armcm3.o(.text) refers to startup_armcm3.o(STACK) for Stack_Mem
    system_armcm3.o(i.SystemCoreClockUpdate) refers to system_armcm3.o(.data) for SystemCoreClock
    system_armcm3.o(i.SystemInit) refers to system_armcm3.o(.data) for SystemCoreClock
    __main.o(!!!main) refers to __rtentry.o(.ARM.Collect$$rtentry$$00000000) for __rt_entry
    __rtentry.o(.ARM.Collect$$rtentry$$00000000) refers (Special) to __rtentry2.o(.ARM.Collect$$rtentry$$0000000A) for __rt_entry_li
    __rtentry.o(.ARM.Collect$$rtentry$$00000000) refers (Special) to __rtentry2.o(.ARM.Collect$$rtentry$$0000000D) for __rt_entry_main
    __rtentry.o(.ARM.Collect$$rtentry$$00000000) refers (Special) to __rtentry2.o(.ARM.Collect$$rtentry$$0000000C) for __rt_entry_postli_1
    __rtentry.o(.ARM.Collect$$rtentry$$00000000) refers (Special) to __rtentry2.o(.ARM.Collect$$rtentry$$00000009) for __rt_entry_postsh_1
    __rtentry.o(.ARM.Collect$$rtentry$$00000000) refers (Special) to __rtentry2.o(.ARM.Collect$$rtentry$$00000002) for __rt_entry_presh_1
    __rtentry.o(.ARM.Collect$$rtentry$$00000000) refers (Special) to __rtentry4.o(.ARM.Collect$$rtentry$$00000004) for __rt_entry_sh
    __rtentry2.o(.ARM.Collect$$rtentry$$00000008) refers to boardinit2.o(.text) for _platform_post_stackheap_init
    __rtentry2.o(.ARM.Collect$$rtentry$$0000000A) refers to libinit.o(.ARM.Collect$$libinit$$00000000) for __rt_lib_init
    __rtentry2.o(.ARM.Collect$$rtentry$$0000000B) refers to boardinit3.o(.text) for _platform_post_lib_init
    __rtentry2.o(.ARM.Collect$$rtentry$$0000000D) refers to main.o(i.main) for main
    __rtentry2.o(.ARM.Collect$$rtentry$$0000000D) refers to exit.o(.text) for exit
    __rtentry2.o(.ARM.exidx) refers to __rtentry2.o(.ARM.Collect$$rtentry$$00000001) for .ARM.Collect$$rtentry$$00000001
    __rtentry2.o(.ARM.exidx) refers to __rtentry2.o(.ARM.Collect$$rtentry$$00000008) for .ARM.Collect$$rtentry$$00000008
    __rtentry2.o(.ARM.exidx) refers to __rtentry2.o(.ARM.Collect$$rtentry$$0000000A) for .ARM.Collect$$rtentry$$0000000A
    __rtentry2.o(.ARM.exidx) refers to __rtentry2.o(.ARM.Collect$$rtentry$$0000000B) for .ARM.Collect$$rtentry$$0000000B
    __rtentry2.o(.ARM.exidx) refers to __rtentry2.o(.ARM.Collect$$rtentry$$0000000D) for .ARM.Collect$$rtentry$$0000000D
    __rtentry4.o(.ARM.Collect$$rtentry$$00000004) refers to sys_stackheap_outer.o(.text) for __user_setup_stackheap
    __rtentry4.o(.ARM.exidx) refers to __rtentry4.o(.ARM.Collect$$rtentry$$00000004) for .ARM.Collect$$rtentry$$00000004
    sys_stackheap_outer.o(.text) refers to libspace.o(.text) for __user_perproc_libspace
    sys_stackheap_outer.o(.text) refers to startup_armcm3.o(.text) for __user_initial_stackheap
    exit.o(.text) refers to rtexit.o(.ARM.Collect$$rtexit$$00000000) for __rt_exit
    libinit.o(.ARM.Collect$$libinit$$00000000) refers (Special) to libinit2.o(.ARM.Collect$$libinit$$0000002E) for __rt_lib_init_alloca_1
    libinit.o(.ARM.Collect$$libinit$$00000000) refers (Special) to libinit2.o(.ARM.Collect$$libinit$$0000002C) for __rt_lib_init_argv_1
    libinit.o(.ARM.Collect$$libinit$$00000000) refers (Special) to libinit2.o(.ARM.Collect$$libinit$$0000001B) for __rt_lib_init_atexit_1
    libinit.o(.ARM.Collect$$libinit$$00000000) refers (Special) to libinit2.o(.ARM.Collect$$libinit$$00000021) for __rt_lib_init_clock_1
    libinit.o(.ARM.Collect$$libinit$$00000000) refers (Special) to libinit2.o(.ARM.Collect$$libinit$$00000032) for __rt_lib_init_cpp_1
    libinit.o(.ARM.Collect$$libinit$$00000000) refers (Special) to libinit2.o(.ARM.Collect$$libinit$$00000030) for __rt_lib_init_exceptions_1
    libinit.o(.ARM.Collect$$libinit$$00000000) refers (Special) to libinit2.o(.ARM.Collect$$libinit$$00000002) for __rt_lib_init_fp_1
    libinit.o(.ARM.Collect$$libinit$$00000000) refers (Special) to libinit2.o(.ARM.Collect$$libinit$$0000001F) for __rt_lib_init_fp_trap_1
    libinit.o(.ARM.Collect$$libinit$$00000000) refers (Special) to libinit2.o(.ARM.Collect$$libinit$$00000023) for __rt_lib_init_getenv_1
    libinit.o(.ARM.Collect$$libinit$$00000000) refers (Special) to libinit2.o(.ARM.Collect$$libinit$$0000000A) for __rt_lib_init_heap_1
    libinit.o(.ARM.Collect$$libinit$$00000000) refers (Special) to libinit2.o(.ARM.Collect$$libinit$$00000011) for __rt_lib_init_lc_collate_1
    libinit.o(.ARM.Collect$$libinit$$00000000) refers (Special) to libinit2.o(.ARM.Collect$$libinit$$00000013) for __rt_lib_init_lc_ctype_1
    libinit.o(.ARM.Collect$$libinit$$00000000) refers (Special) to libinit2.o(.ARM.Collect$$libinit$$00000015) for __rt_lib_init_lc_monetary_1
    libinit.o(.ARM.Collect$$libinit$$00000000) refers (Special) to libinit2.o(.ARM.Collect$$libinit$$00000017) for __rt_lib_init_lc_numeric_1
    libinit.o(.ARM.Collect$$libinit$$00000000) refers (Special) to libinit2.o(.ARM.Collect$$libinit$$00000019) for __rt_lib_init_lc_time_1
    libinit.o(.ARM.Collect$$libinit$$00000000) refers (Special) to libinit2.o(.ARM.Collect$$libinit$$00000004) for __rt_lib_init_preinit_1
    libinit.o(.ARM.Collect$$libinit$$00000000) refers (Special) to libinit2.o(.ARM.Collect$$libinit$$0000000E) for __rt_lib_init_rand_1
    libinit.o(.ARM.Collect$$libinit$$00000000) refers (Special) to libinit2.o(.ARM.Collect$$libinit$$00000033) for __rt_lib_init_return
    libinit.o(.ARM.Collect$$libinit$$00000000) refers (Special) to libinit2.o(.ARM.Collect$$libinit$$0000001D) for __rt_lib_init_signal_1
    libinit.o(.ARM.Collect$$libinit$$00000000) refers (Special) to libinit2.o(.ARM.Collect$$libinit$$00000025) for __rt_lib_init_stdio_1
    libinit.o(.ARM.Collect$$libinit$$00000000) refers (Special) to libinit2.o(.ARM.Collect$$libinit$$0000000C) for __rt_lib_init_user_alloc_1
    libspace.o(.text) refers to libspace.o(.bss) for __libspace_start
    rtexit.o(.ARM.Collect$$rtexit$$00000000) refers (Special) to rtexit2.o(.ARM.Collect$$rtexit$$00000004) for __rt_exit_exit
    rtexit.o(.ARM.Collect$$rtexit$$00000000) refers (Special) to rtexit2.o(.ARM.Collect$$rtexit$$00000003) for __rt_exit_ls
    rtexit.o(.ARM.Collect$$rtexit$$00000000) refers (Special) to rtexit2.o(.ARM.Collect$$rtexit$$00000002) for __rt_exit_prels_1
    rtexit.o(.ARM.exidx) refers (Special) to rtexit2.o(.ARM.Collect$$rtexit$$00000004) for __rt_exit_exit
    rtexit.o(.ARM.exidx) refers (Special) to rtexit2.o(.ARM.Collect$$rtexit$$00000003) for __rt_exit_ls
    rtexit.o(.ARM.exidx) refers (Special) to rtexit2.o(.ARM.Collect$$rtexit$$00000002) for __rt_exit_prels_1
    rtexit.o(.ARM.exidx) refers to rtexit.o(.ARM.Collect$$rtexit$$00000000) for .ARM.Collect$$rtexit$$00000000
    libinit2.o(.ARM.Collect$$libinit$$00000010) refers to libinit2.o(.ARM.Collect$$libinit$$0000000F) for .ARM.Collect$$libinit$$0000000F
    libinit2.o(.ARM.Collect$$libinit$$00000012) refers to libinit2.o(.ARM.Collect$$libinit$$0000000F) for .ARM.Collect$$libinit$$0000000F
    libinit2.o(.ARM.Collect$$libinit$$00000014) refers to libinit2.o(.ARM.Collect$$libinit$$0000000F) for .ARM.Collect$$libinit$$0000000F
    libinit2.o(.ARM.Collect$$libinit$$00000016) refers to libinit2.o(.ARM.Collect$$libinit$$0000000F) for .ARM.Collect$$libinit$$0000000F
    libinit2.o(.ARM.Collect$$libinit$$00000018) refers to libinit2.o(.ARM.Collect$$libinit$$0000000F) for .ARM.Collect$$libinit$$0000000F
    libinit2.o(.ARM.Collect$$libinit$$00000026) refers to argv_veneer.o(.emb_text) for __ARM_argv_veneer
    libinit2.o(.ARM.Collect$$libinit$$00000027) refers to argv_veneer.o(.emb_text) for __ARM_argv_veneer
    rtexit2.o(.ARM.Collect$$rtexit$$00000003) refers to libshutdown.o(.ARM.Collect$$libshutdown$$00000000) for __rt_lib_shutdown
    rtexit2.o(.ARM.Collect$$rtexit$$00000004) refers to sys_exit.o(.text) for _sys_exit
    rtexit2.o(.ARM.exidx) refers to rtexit2.o(.ARM.Collect$$rtexit$$00000001) for .ARM.Collect$$rtexit$$00000001
    rtexit2.o(.ARM.exidx) refers to rtexit2.o(.ARM.Collect$$rtexit$$00000003) for .ARM.Collect$$rtexit$$00000003
    rtexit2.o(.ARM.exidx) refers to rtexit2.o(.ARM.Collect$$rtexit$$00000004) for .ARM.Collect$$rtexit$$00000004
    argv_veneer.o(.emb_text) refers to no_argv.o(.text) for __ARM_get_argv
    sys_exit.o(.text) refers (Special) to use_no_semi.o(.text) for __I$use$semihosting
    sys_exit.o(.text) refers (Special) to indicate_semi.o(.text) for __semihosting_library_function
    _get_argv_nomalloc.o(.text) refers (Special) to hrguard.o(.text) for __heap_region$guard
    _get_argv_nomalloc.o(.text) refers to defsig_rtmem_outer.o(.text) for __rt_SIGRTMEM
    _get_argv_nomalloc.o(.text) refers to sys_command.o(.text) for _sys_command_string
    libshutdown.o(.ARM.Collect$$libshutdown$$00000000) refers (Special) to libshutdown2.o(.ARM.Collect$$libshutdown$$00000002) for __rt_lib_shutdown_cpp_1
    libshutdown.o(.ARM.Collect$$libshutdown$$00000000) refers (Special) to libshutdown2.o(.ARM.Collect$$libshutdown$$00000007) for __rt_lib_shutdown_fp_trap_1
    libshutdown.o(.ARM.Collect$$libshutdown$$00000000) refers (Special) to libshutdown2.o(.ARM.Collect$$libshutdown$$0000000F) for __rt_lib_shutdown_heap_1
    libshutdown.o(.ARM.Collect$$libshutdown$$00000000) refers (Special) to libshutdown2.o(.ARM.Collect$$libshutdown$$00000010) for __rt_lib_shutdown_return
    libshutdown.o(.ARM.Collect$$libshutdown$$00000000) refers (Special) to libshutdown2.o(.ARM.Collect$$libshutdown$$0000000A) for __rt_lib_shutdown_signal_1
    libshutdown.o(.ARM.Collect$$libshutdown$$00000000) refers (Special) to libshutdown2.o(.ARM.Collect$$libshutdown$$00000004) for __rt_lib_shutdown_stdio_1
    libshutdown.o(.ARM.Collect$$libshutdown$$00000000) refers (Special) to libshutdown2.o(.ARM.Collect$$libshutdown$$0000000C) for __rt_lib_shutdown_user_alloc_1
    sys_command.o(.text) refers (Special) to use_no_semi.o(.text) for __I$use$semihosting
    sys_command.o(.text) refers (Special) to indicate_semi.o(.text) for __semihosting_library_function
    defsig_rtmem_outer.o(.text) refers to defsig_rtmem_inner.o(.text) for __rt_SIGRTMEM_inner
    defsig_rtmem_outer.o(.text) refers to defsig_exit.o(.text) for __sig_exit
    defsig_rtmem_formal.o(.text) refers to rt_raise.o(.text) for __rt_raise
    rt_raise.o(.text) refers to __raise.o(.text) for __raise
    rt_raise.o(.text) refers to sys_exit.o(.text) for _sys_exit
    defsig_exit.o(.text) refers to sys_exit.o(.text) for _sys_exit
    defsig_rtmem_inner.o(.text) refers to defsig_general.o(.text) for __default_signal_display
    __raise.o(.text) refers to defsig.o(CL$$defsig) for __default_signal_handler
    defsig_general.o(.text) refers to sys_wrch.o(.text) for _ttywrch
    sys_wrch.o(.text) refers (Special) to use_no_semi.o(.text) for __I$use$semihosting
    sys_wrch.o(.text) refers (Special) to indicate_semi.o(.text) for __semihosting_library_function
    defsig.o(CL$$defsig) refers to defsig_rtmem_inner.o(.text) for __rt_SIGRTMEM_inner
    defsig_abrt_inner.o(.text) refers to defsig_general.o(.text) for __default_signal_display
    defsig_fpe_inner.o(.text) refers to defsig_general.o(.text) for __default_signal_display
    defsig_rtred_inner.o(.text) refers to defsig_general.o(.text) for __default_signal_display
    defsig_stak_inner.o(.text) refers to defsig_general.o(.text) for __default_signal_display
    defsig_pvfn_inner.o(.text) refers to defsig_general.o(.text) for __default_signal_display
    defsig_cppl_inner.o(.text) refers to defsig_general.o(.text) for __default_signal_display
    defsig_segv_inner.o(.text) refers to defsig_general.o(.text) for __default_signal_display
    defsig_other.o(.text) refers to defsig_general.o(.text) for __default_signal_display


==============================================================================

Removing Unused input sections from the image.

    Removing port.o(.rev16_text), (4 bytes).
    Removing port.o(.revsh_text), (4 bytes).
    Removing port.o(.rrx_text), (6 bytes).
    Removing system_armcm3.o(.rev16_text), (4 bytes).
    Removing system_armcm3.o(.revsh_text), (4 bytes).
    Removing system_armcm3.o(.rrx_text), (6 bytes).
    Removing system_armcm3.o(i.SystemCoreClockUpdate), (16 bytes).

7 unused section(s) (total 44 bytes) removed from the image.

==============================================================================

Image Symbol Table

    Local Symbols

    Symbol Name                              Value     Ov Type        Size  Object(Section)

    RESET                                    0x00000000   Section      192  startup_armcm3.o(RESET)
    ../clib/angel/boardlib.s                 0x00000000   Number         0  boardinit3.o ABSOLUTE
    ../clib/angel/boardlib.s                 0x00000000   Number         0  boardshut.o ABSOLUTE
    ../clib/angel/boardlib.s                 0x00000000   Number         0  boardinit1.o ABSOLUTE
    ../clib/angel/boardlib.s                 0x00000000   Number         0  boardinit2.o ABSOLUTE
    ../clib/angel/handlers.s                 0x00000000   Number         0  __scatter_copy.o ABSOLUTE
    ../clib/angel/handlers.s                 0x00000000   Number         0  __scatter_zi.o ABSOLUTE
    ../clib/angel/kernel.s                   0x00000000   Number         0  rtexit.o ABSOLUTE
    ../clib/angel/kernel.s                   0x00000000   Number         0  rtexit2.o ABSOLUTE
    ../clib/angel/kernel.s                   0x00000000   Number         0  __rtentry2.o ABSOLUTE
    ../clib/angel/kernel.s                   0x00000000   Number         0  __rtentry4.o ABSOLUTE
    ../clib/angel/kernel.s                   0x00000000   Number         0  __rtentry.o ABSOLUTE
    ../clib/angel/rt.s                       0x00000000   Number         0  rt_raise.o ABSOLUTE
    ../clib/angel/scatter.s                  0x00000000   Number         0  __scatter.o ABSOLUTE
    ../clib/angel/startup.s                  0x00000000   Number         0  __main.o ABSOLUTE
    ../clib/angel/sys.s                      0x00000000   Number         0  sys_stackheap_outer.o ABSOLUTE
    ../clib/angel/sys.s                      0x00000000   Number         0  libspace.o ABSOLUTE
    ../clib/angel/sys.s                      0x00000000   Number         0  indicate_semi.o ABSOLUTE
    ../clib/angel/sys.s                      0x00000000   Number         0  use_no_semi.o ABSOLUTE
    ../clib/angel/sysapp.c                   0x00000000   Number         0  sys_exit.o ABSOLUTE
    ../clib/angel/sysapp.c                   0x00000000   Number         0  sys_wrch.o ABSOLUTE
    ../clib/angel/sysapp.c                   0x00000000   Number         0  sys_command.o ABSOLUTE
    ../clib/armsys.c                         0x00000000   Number         0  _get_argv_nomalloc.o ABSOLUTE
    ../clib/armsys.c                         0x00000000   Number         0  argv_veneer.o ABSOLUTE
    ../clib/armsys.c                         0x00000000   Number         0  argv_veneer.o ABSOLUTE
    ../clib/armsys.c                         0x00000000   Number         0  no_argv.o ABSOLUTE
    ../clib/heapalloc.c                      0x00000000   Number         0  hrguard.o ABSOLUTE
    ../clib/heapaux.c                        0x00000000   Number         0  heapauxi.o ABSOLUTE
    ../clib/libinit.s                        0x00000000   Number         0  libinit2.o ABSOLUTE
    ../clib/libinit.s                        0x00000000   Number         0  libinit.o ABSOLUTE
    ../clib/libinit.s                        0x00000000   Number         0  libshutdown2.o ABSOLUTE
    ../clib/libinit.s                        0x00000000   Number         0  libshutdown.o ABSOLUTE
    ../clib/signal.c                         0x00000000   Number         0  defsig_rtmem_outer.o ABSOLUTE
    ../clib/signal.c                         0x00000000   Number         0  defsig_rtmem_formal.o ABSOLUTE
    ../clib/signal.c                         0x00000000   Number         0  defsig_general.o ABSOLUTE
    ../clib/signal.c                         0x00000000   Number         0  defsig_rtmem_inner.o ABSOLUTE
    ../clib/signal.c                         0x00000000   Number         0  defsig_exit.o ABSOLUTE
    ../clib/signal.c                         0x00000000   Number         0  defsig_cppl_inner.o ABSOLUTE
    ../clib/signal.c                         0x00000000   Number         0  defsig_stak_inner.o ABSOLUTE
    ../clib/signal.c                         0x00000000   Number         0  defsig_segv_inner.o ABSOLUTE
    ../clib/signal.c                         0x00000000   Number         0  defsig_pvfn_inner.o ABSOLUTE
    ../clib/signal.c                         0x00000000   Number         0  defsig_other.o ABSOLUTE
    ../clib/signal.c                         0x00000000   Number         0  defsig_rtred_inner.o ABSOLUTE
    ../clib/signal.c                         0x00000000   Number         0  defsig_fpe_inner.o ABSOLUTE
    ../clib/signal.c                         0x00000000   Number         0  defsig_abrt_inner.o ABSOLUTE
    ../clib/signal.c                         0x00000000   Number         0  __raise.o ABSOLUTE
    ../clib/signal.s                         0x00000000   Number         0  defsig.o ABSOLUTE
    ../clib/stdlib.c                         0x00000000   Number         0  exit.o ABSOLUTE
    ../fplib/fpinit.s                        0x00000000   Number         0  fpinit.o ABSOLUTE
    ..\User\main.c                           0x00000000   Number         0  main.o ABSOLUTE
    ..\\freertos\\portable\\RVDS\\ARM_CM3\\port.c 0x00000000   Number         0  port.o ABSOLUTE
    ..\freertos\portable\RVDS\ARM_CM3\port.c 0x00000000   Number         0  port.o ABSOLUTE
    ..\freertos\src\list.c                   0x00000000   Number         0  list.o ABSOLUTE
    ..\freertos\src\task.c                   0x00000000   Number         0  task.o ABSOLUTE
    RTE\Device\ARMCM3\startup_ARMCM3.s       0x00000000   Number         0  startup_armcm3.o ABSOLUTE
    RTE\Device\ARMCM3\system_ARMCM3.c        0x00000000   Number         0  system_armcm3.o ABSOLUTE
    RTE\\Device\\ARMCM3\\system_ARMCM3.c     0x00000000   Number         0  system_armcm3.o ABSOLUTE
    dc.s                                     0x00000000   Number         0  dc.o ABSOLUTE
    !!!main                                  0x000000c0   Section        8  __main.o(!!!main)
    !!!scatter                               0x000000c8   Section       52  __scatter.o(!!!scatter)
    !!handler_copy                           0x000000fc   Section       26  __scatter_copy.o(!!handler_copy)
    !!handler_zi                             0x00000118   Section       28  __scatter_zi.o(!!handler_zi)
    .ARM.Collect$$libinit$$00000000          0x00000134   Section        2  libinit.o(.ARM.Collect$$libinit$$00000000)
    .ARM.Collect$$libinit$$00000002          0x00000136   Section        0  libinit2.o(.ARM.Collect$$libinit$$00000002)
    .ARM.Collect$$libinit$$00000004          0x00000136   Section        0  libinit2.o(.ARM.Collect$$libinit$$00000004)
    .ARM.Collect$$libinit$$0000000A          0x00000136   Section        0  libinit2.o(.ARM.Collect$$libinit$$0000000A)
    .ARM.Collect$$libinit$$0000000C          0x00000136   Section        0  libinit2.o(.ARM.Collect$$libinit$$0000000C)
    .ARM.Collect$$libinit$$0000000E          0x00000136   Section        0  libinit2.o(.ARM.Collect$$libinit$$0000000E)
    .ARM.Collect$$libinit$$00000011          0x00000136   Section        0  libinit2.o(.ARM.Collect$$libinit$$00000011)
    .ARM.Collect$$libinit$$00000013          0x00000136   Section        0  libinit2.o(.ARM.Collect$$libinit$$00000013)
    .ARM.Collect$$libinit$$00000015          0x00000136   Section        0  libinit2.o(.ARM.Collect$$libinit$$00000015)
    .ARM.Collect$$libinit$$00000017          0x00000136   Section        0  libinit2.o(.ARM.Collect$$libinit$$00000017)
    .ARM.Collect$$libinit$$00000019          0x00000136   Section        0  libinit2.o(.ARM.Collect$$libinit$$00000019)
    .ARM.Collect$$libinit$$0000001B          0x00000136   Section        0  libinit2.o(.ARM.Collect$$libinit$$0000001B)
    .ARM.Collect$$libinit$$0000001D          0x00000136   Section        0  libinit2.o(.ARM.Collect$$libinit$$0000001D)
    .ARM.Collect$$libinit$$0000001F          0x00000136   Section        0  libinit2.o(.ARM.Collect$$libinit$$0000001F)
    .ARM.Collect$$libinit$$00000021          0x00000136   Section        0  libinit2.o(.ARM.Collect$$libinit$$00000021)
    .ARM.Collect$$libinit$$00000023          0x00000136   Section        0  libinit2.o(.ARM.Collect$$libinit$$00000023)
    .ARM.Collect$$libinit$$00000025          0x00000136   Section        0  libinit2.o(.ARM.Collect$$libinit$$00000025)
    .ARM.Collect$$libinit$$0000002C          0x00000136   Section        0  libinit2.o(.ARM.Collect$$libinit$$0000002C)
    .ARM.Collect$$libinit$$0000002E          0x00000136   Section        0  libinit2.o(.ARM.Collect$$libinit$$0000002E)
    .ARM.Collect$$libinit$$00000030          0x00000136   Section        0  libinit2.o(.ARM.Collect$$libinit$$00000030)
    .ARM.Collect$$libinit$$00000032          0x00000136   Section        0  libinit2.o(.ARM.Collect$$libinit$$00000032)
    .ARM.Collect$$libinit$$00000033          0x00000136   Section        2  libinit2.o(.ARM.Collect$$libinit$$00000033)
    .ARM.Collect$$libshutdown$$00000000      0x00000138   Section        2  libshutdown.o(.ARM.Collect$$libshutdown$$00000000)
    .ARM.Collect$$libshutdown$$00000002      0x0000013a   Section        0  libshutdown2.o(.ARM.Collect$$libshutdown$$00000002)
    .ARM.Collect$$libshutdown$$00000004      0x0000013a   Section        0  libshutdown2.o(.ARM.Collect$$libshutdown$$00000004)
    .ARM.Collect$$libshutdown$$00000007      0x0000013a   Section        0  libshutdown2.o(.ARM.Collect$$libshutdown$$00000007)
    .ARM.Collect$$libshutdown$$0000000A      0x0000013a   Section        0  libshutdown2.o(.ARM.Collect$$libshutdown$$0000000A)
    .ARM.Collect$$libshutdown$$0000000C      0x0000013a   Section        0  libshutdown2.o(.ARM.Collect$$libshutdown$$0000000C)
    .ARM.Collect$$libshutdown$$0000000F      0x0000013a   Section        0  libshutdown2.o(.ARM.Collect$$libshutdown$$0000000F)
    .ARM.Collect$$libshutdown$$00000010      0x0000013a   Section        2  libshutdown2.o(.ARM.Collect$$libshutdown$$00000010)
    .ARM.Collect$$rtentry$$00000000          0x0000013c   Section        0  __rtentry.o(.ARM.Collect$$rtentry$$00000000)
    .ARM.Collect$$rtentry$$00000002          0x0000013c   Section        0  __rtentry2.o(.ARM.Collect$$rtentry$$00000002)
    .ARM.Collect$$rtentry$$00000004          0x0000013c   Section        6  __rtentry4.o(.ARM.Collect$$rtentry$$00000004)
    .ARM.Collect$$rtentry$$00000009          0x00000142   Section        0  __rtentry2.o(.ARM.Collect$$rtentry$$00000009)
    .ARM.Collect$$rtentry$$0000000A          0x00000142   Section        4  __rtentry2.o(.ARM.Collect$$rtentry$$0000000A)
    .ARM.Collect$$rtentry$$0000000C          0x00000146   Section        0  __rtentry2.o(.ARM.Collect$$rtentry$$0000000C)
    .ARM.Collect$$rtentry$$0000000D          0x00000146   Section        8  __rtentry2.o(.ARM.Collect$$rtentry$$0000000D)
    .ARM.Collect$$rtexit$$00000000           0x0000014e   Section        2  rtexit.o(.ARM.Collect$$rtexit$$00000000)
    .ARM.Collect$$rtexit$$00000002           0x00000150   Section        0  rtexit2.o(.ARM.Collect$$rtexit$$00000002)
    .ARM.Collect$$rtexit$$00000003           0x00000150   Section        4  rtexit2.o(.ARM.Collect$$rtexit$$00000003)
    .ARM.Collect$$rtexit$$00000004           0x00000154   Section        6  rtexit2.o(.ARM.Collect$$rtexit$$00000004)
    .emb_text                                0x0000015c   Section      144  port.o(.emb_text)
    .text                                    0x000001ec   Section       64  startup_armcm3.o(.text)
    .text                                    0x0000022c   Section        0  heapauxi.o(.text)
    .text                                    0x00000232   Section       74  sys_stackheap_outer.o(.text)
    .text                                    0x0000027c   Section        0  exit.o(.text)
    .text                                    0x00000290   Section        8  libspace.o(.text)
    .text                                    0x00000298   Section        0  sys_exit.o(.text)
    .text                                    0x000002a4   Section        2  use_no_semi.o(.text)
    .text                                    0x000002a6   Section        0  indicate_semi.o(.text)
    i.SysTick_Handler                        0x000002a8   Section        0  port.o(i.SysTick_Handler)
    i.SystemInit                             0x000002e4   Section        0  system_armcm3.o(i.SystemInit)
    i.Task1_Entry                            0x000002f4   Section        0  main.o(i.Task1_Entry)
    i.Task2_Entry                            0x00000314   Section        0  main.o(i.Task2_Entry)
    i.Task3_Entry                            0x00000334   Section        0  main.o(i.Task3_Entry)
    i.delay                                  0x00000354   Section        0  main.o(i.delay)
    i.main                                   0x00000360   Section        0  main.o(i.main)
    i.prvAddCurrentTaskToDelayedList         0x00000418   Section        0  task.o(i.prvAddCurrentTaskToDelayedList)
    prvAddCurrentTaskToDelayedList           0x00000419   Thumb Code    98  task.o(i.prvAddCurrentTaskToDelayedList)
    i.prvAddNewTaskToReadyList               0x00000494   Section        0  task.o(i.prvAddNewTaskToReadyList)
    prvAddNewTaskToReadyList                 0x00000495   Thumb Code   110  task.o(i.prvAddNewTaskToReadyList)
    i.prvIdleTask                            0x00000518   Section        0  task.o(i.prvIdleTask)
    prvIdleTask                              0x00000519   Thumb Code     4  task.o(i.prvIdleTask)
    i.prvInitialiseNewTask                   0x0000051c   Section        0  task.o(i.prvInitialiseNewTask)
    prvInitialiseNewTask                     0x0000051d   Thumb Code   110  task.o(i.prvInitialiseNewTask)
    i.prvInitialiseTaskLists                 0x0000058c   Section        0  task.o(i.prvInitialiseTaskLists)
    i.prvResetNextTaskUnblockTime            0x000005d4   Section        0  task.o(i.prvResetNextTaskUnblockTime)
    prvResetNextTaskUnblockTime              0x000005d5   Thumb Code    42  task.o(i.prvResetNextTaskUnblockTime)
    i.prvTaskExitError                       0x00000608   Section        0  port.o(i.prvTaskExitError)
    prvTaskExitError                         0x00000609   Thumb Code     4  port.o(i.prvTaskExitError)
    i.pxPortInitialiseStack                  0x0000060c   Section        0  port.o(i.pxPortInitialiseStack)
    i.uxListRemove                           0x00000630   Section        0  list.o(i.uxListRemove)
    i.vApplicationGetIdleTaskMemory          0x00000658   Section        0  main.o(i.vApplicationGetIdleTaskMemory)
    i.vListInitialise                        0x00000670   Section        0  list.o(i.vListInitialise)
    i.vListInitialiseItem                    0x0000068a   Section        0  list.o(i.vListInitialiseItem)
    i.vListInsert                            0x00000690   Section        0  list.o(i.vListInsert)
    i.vListInsertEnd                         0x000006c4   Section        0  list.o(i.vListInsertEnd)
    i.vPortEnterCritical                     0x000006dc   Section        0  port.o(i.vPortEnterCritical)
    i.vPortExitCritical                      0x00000700   Section        0  port.o(i.vPortExitCritical)
    i.vPortSetupTimerInterrupt               0x00000720   Section        0  port.o(i.vPortSetupTimerInterrupt)
    i.vTaskDelay                             0x00000730   Section        0  task.o(i.vTaskDelay)
    i.vTaskStartScheduler                    0x0000075c   Section        0  task.o(i.vTaskStartScheduler)
    i.vTaskSwitchContext                     0x000007bc   Section        0  task.o(i.vTaskSwitchContext)
    i.xPortStartScheduler                    0x00000800   Section        0  port.o(i.xPortStartScheduler)
    i.xTaskCreateStatic                      0x00000828   Section        0  task.o(i.xTaskCreateStatic)
    i.xTaskIncrementTick                     0x0000086c   Section        0  task.o(i.xTaskIncrementTick)
    .data                                    0x20000000   Section       16  main.o(.data)
    .data                                    0x20000010   Section       40  task.o(.data)
    uxCurrentNumberOfTasks                   0x20000014   Data           4  task.o(.data)
    uxTaskNumber                             0x20000018   Data           4  task.o(.data)
    xIdleTaskHandle                          0x2000001c   Data           4  task.o(.data)
    xTickCount                               0x20000020   Data           4  task.o(.data)
    uxTopReadyPriority                       0x20000024   Data           4  task.o(.data)
    pxDelayedTaskList                        0x20000028   Data           4  task.o(.data)
    pxOverflowDelayedTaskList                0x2000002c   Data           4  task.o(.data)
    xNextTaskUnblockTime                     0x20000030   Data           4  task.o(.data)
    xNumOfOverflows                          0x20000034   Data           4  task.o(.data)
    .data                                    0x20000038   Section        4  port.o(.data)
    uxCriticalNesting                        0x20000038   Data           4  port.o(.data)
    .data                                    0x2000003c   Section        4  system_armcm3.o(.data)
    .bss                                     0x20000040   Section     2256  main.o(.bss)
    .bss                                     0x20000910   Section      140  task.o(.bss)
    xDelayedTaskList1                        0x20000974   Data          20  task.o(.bss)
    xDelayedTaskList2                        0x20000988   Data          20  task.o(.bss)
    .bss                                     0x2000099c   Section       96  libspace.o(.bss)
    HEAP                                     0x20000a00   Section     3072  startup_armcm3.o(HEAP)
    Heap_Mem                                 0x20000a00   Data        3072  startup_armcm3.o(HEAP)
    STACK                                    0x20001600   Section     1024  startup_armcm3.o(STACK)
    Stack_Mem                                0x20001600   Data        1024  startup_armcm3.o(STACK)
    __initial_sp                             0x20001a00   Data           0  startup_armcm3.o(STACK)

    Global Symbols

    Symbol Name                              Value     Ov Type        Size  Object(Section)

    BuildAttributes$$THM_ISAv4$P$D$K$B$S$PE$A:L22UL41UL21$X:L11$S22US41US21$IEEE1$IW$USESV6$~STKCKD$USESV7$~SHL$OSPACE$ROPI$EBA8$UX$STANDARDLIB$REQ8$PRES8$EABIv2 0x00000000   Number         0  anon$$obj.o ABSOLUTE
    __ARM_use_no_argv                        0x00000000   Number         0  main.o ABSOLUTE
    __Vectors                                0x00000000   Data           4  startup_armcm3.o(RESET)
    __ARM_exceptions_init                     - Undefined Weak Reference
    __alloca_initialize                       - Undefined Weak Reference
    __arm_preinit_                            - Undefined Weak Reference
    __cpp_initialize__aeabi_                  - Undefined Weak Reference
    __cxa_finalize                            - Undefined Weak Reference
    __rt_locale                               - Undefined Weak Reference
    __sigvec_lookup                           - Undefined Weak Reference
    _atexit_init                              - Undefined Weak Reference
    _call_atexit_fns                          - Undefined Weak Reference
    _clock_init                               - Undefined Weak Reference
    _fp_trap_init                             - Undefined Weak Reference
    _fp_trap_shutdown                         - Undefined Weak Reference
    _get_lc_collate                           - Undefined Weak Reference
    _get_lc_ctype                             - Undefined Weak Reference
    _get_lc_monetary                          - Undefined Weak Reference
    _get_lc_numeric                           - Undefined Weak Reference
    _get_lc_time                              - Undefined Weak Reference
    _getenv_init                              - Undefined Weak Reference
    _handle_redirection                       - Undefined Weak Reference
    _init_alloc                               - Undefined Weak Reference
    _init_user_alloc                          - Undefined Weak Reference
    _initio                                   - Undefined Weak Reference
    _rand_init                                - Undefined Weak Reference
    _signal_finish                            - Undefined Weak Reference
    _signal_init                              - Undefined Weak Reference
    _terminate_alloc                          - Undefined Weak Reference
    _terminate_user_alloc                     - Undefined Weak Reference
    _terminateio                              - Undefined Weak Reference
    __Vectors_End                            0x000000c0   Data           0  startup_armcm3.o(RESET)
    __Vectors_Size                           0x000000c0   Number         0  startup_armcm3.o ABSOLUTE
    __main                                   0x000000c1   Thumb Code     8  __main.o(!!!main)
    __scatterload                            0x000000c9   Thumb Code     0  __scatter.o(!!!scatter)
    __scatterload_rt2                        0x000000c9   Thumb Code    44  __scatter.o(!!!scatter)
    __scatterload_rt2_thumb_only             0x000000c9   Thumb Code     0  __scatter.o(!!!scatter)
    __scatterload_null                       0x000000d7   Thumb Code     0  __scatter.o(!!!scatter)
    __scatterload_copy                       0x000000fd   Thumb Code    26  __scatter_copy.o(!!handler_copy)
    __scatterload_zeroinit                   0x00000119   Thumb Code    28  __scatter_zi.o(!!handler_zi)
    __rt_lib_init                            0x00000135   Thumb Code     0  libinit.o(.ARM.Collect$$libinit$$00000000)
    __rt_lib_init_alloca_1                   0x00000137   Thumb Code     0  libinit2.o(.ARM.Collect$$libinit$$0000002E)
    __rt_lib_init_argv_1                     0x00000137   Thumb Code     0  libinit2.o(.ARM.Collect$$libinit$$0000002C)
    __rt_lib_init_atexit_1                   0x00000137   Thumb Code     0  libinit2.o(.ARM.Collect$$libinit$$0000001B)
    __rt_lib_init_clock_1                    0x00000137   Thumb Code     0  libinit2.o(.ARM.Collect$$libinit$$00000021)
    __rt_lib_init_cpp_1                      0x00000137   Thumb Code     0  libinit2.o(.ARM.Collect$$libinit$$00000032)
    __rt_lib_init_exceptions_1               0x00000137   Thumb Code     0  libinit2.o(.ARM.Collect$$libinit$$00000030)
    __rt_lib_init_fp_1                       0x00000137   Thumb Code     0  libinit2.o(.ARM.Collect$$libinit$$00000002)
    __rt_lib_init_fp_trap_1                  0x00000137   Thumb Code     0  libinit2.o(.ARM.Collect$$libinit$$0000001F)
    __rt_lib_init_getenv_1                   0x00000137   Thumb Code     0  libinit2.o(.ARM.Collect$$libinit$$00000023)
    __rt_lib_init_heap_1                     0x00000137   Thumb Code     0  libinit2.o(.ARM.Collect$$libinit$$0000000A)
    __rt_lib_init_lc_collate_1               0x00000137   Thumb Code     0  libinit2.o(.ARM.Collect$$libinit$$00000011)
    __rt_lib_init_lc_ctype_1                 0x00000137   Thumb Code     0  libinit2.o(.ARM.Collect$$libinit$$00000013)
    __rt_lib_init_lc_monetary_1              0x00000137   Thumb Code     0  libinit2.o(.ARM.Collect$$libinit$$00000015)
    __rt_lib_init_lc_numeric_1               0x00000137   Thumb Code     0  libinit2.o(.ARM.Collect$$libinit$$00000017)
    __rt_lib_init_lc_time_1                  0x00000137   Thumb Code     0  libinit2.o(.ARM.Collect$$libinit$$00000019)
    __rt_lib_init_preinit_1                  0x00000137   Thumb Code     0  libinit2.o(.ARM.Collect$$libinit$$00000004)
    __rt_lib_init_rand_1                     0x00000137   Thumb Code     0  libinit2.o(.ARM.Collect$$libinit$$0000000E)
    __rt_lib_init_return                     0x00000137   Thumb Code     0  libinit2.o(.ARM.Collect$$libinit$$00000033)
    __rt_lib_init_signal_1                   0x00000137   Thumb Code     0  libinit2.o(.ARM.Collect$$libinit$$0000001D)
    __rt_lib_init_stdio_1                    0x00000137   Thumb Code     0  libinit2.o(.ARM.Collect$$libinit$$00000025)
    __rt_lib_init_user_alloc_1               0x00000137   Thumb Code     0  libinit2.o(.ARM.Collect$$libinit$$0000000C)
    __rt_lib_shutdown                        0x00000139   Thumb Code     0  libshutdown.o(.ARM.Collect$$libshutdown$$00000000)
    __rt_lib_shutdown_cpp_1                  0x0000013b   Thumb Code     0  libshutdown2.o(.ARM.Collect$$libshutdown$$00000002)
    __rt_lib_shutdown_fp_trap_1              0x0000013b   Thumb Code     0  libshutdown2.o(.ARM.Collect$$libshutdown$$00000007)
    __rt_lib_shutdown_heap_1                 0x0000013b   Thumb Code     0  libshutdown2.o(.ARM.Collect$$libshutdown$$0000000F)
    __rt_lib_shutdown_return                 0x0000013b   Thumb Code     0  libshutdown2.o(.ARM.Collect$$libshutdown$$00000010)
    __rt_lib_shutdown_signal_1               0x0000013b   Thumb Code     0  libshutdown2.o(.ARM.Collect$$libshutdown$$0000000A)
    __rt_lib_shutdown_stdio_1                0x0000013b   Thumb Code     0  libshutdown2.o(.ARM.Collect$$libshutdown$$00000004)
    __rt_lib_shutdown_user_alloc_1           0x0000013b   Thumb Code     0  libshutdown2.o(.ARM.Collect$$libshutdown$$0000000C)
    __rt_entry                               0x0000013d   Thumb Code     0  __rtentry.o(.ARM.Collect$$rtentry$$00000000)
    __rt_entry_presh_1                       0x0000013d   Thumb Code     0  __rtentry2.o(.ARM.Collect$$rtentry$$00000002)
    __rt_entry_sh                            0x0000013d   Thumb Code     0  __rtentry4.o(.ARM.Collect$$rtentry$$00000004)
    __rt_entry_li                            0x00000143   Thumb Code     0  __rtentry2.o(.ARM.Collect$$rtentry$$0000000A)
    __rt_entry_postsh_1                      0x00000143   Thumb Code     0  __rtentry2.o(.ARM.Collect$$rtentry$$00000009)
    __rt_entry_main                          0x00000147   Thumb Code     0  __rtentry2.o(.ARM.Collect$$rtentry$$0000000D)
    __rt_entry_postli_1                      0x00000147   Thumb Code     0  __rtentry2.o(.ARM.Collect$$rtentry$$0000000C)
    __rt_exit                                0x0000014f   Thumb Code     0  rtexit.o(.ARM.Collect$$rtexit$$00000000)
    __rt_exit_ls                             0x00000151   Thumb Code     0  rtexit2.o(.ARM.Collect$$rtexit$$00000003)
    __rt_exit_prels_1                        0x00000151   Thumb Code     0  rtexit2.o(.ARM.Collect$$rtexit$$00000002)
    __rt_exit_exit                           0x00000155   Thumb Code     0  rtexit2.o(.ARM.Collect$$rtexit$$00000004)
    prvStartFirstTask                        0x0000015d   Thumb Code    28  port.o(.emb_text)
    SVC_Handler                              0x0000017d   Thumb Code    32  port.o(.emb_text)
    PendSV_Handler                           0x000001a1   Thumb Code    72  port.o(.emb_text)
    Reset_Handler                            0x000001ed   Thumb Code     8  startup_armcm3.o(.text)
    NMI_Handler                              0x000001f5   Thumb Code     2  startup_armcm3.o(.text)
    HardFault_Handler                        0x000001f7   Thumb Code     2  startup_armcm3.o(.text)
    MemManage_Handler                        0x000001f9   Thumb Code     2  startup_armcm3.o(.text)
    BusFault_Handler                         0x000001fb   Thumb Code     2  startup_armcm3.o(.text)
    UsageFault_Handler                       0x000001fd   Thumb Code     2  startup_armcm3.o(.text)
    DebugMon_Handler                         0x00000201   Thumb Code     2  startup_armcm3.o(.text)
    AACI_IRQHandler                          0x00000207   Thumb Code     0  startup_armcm3.o(.text)
    CAN_IRQHandler                           0x00000207   Thumb Code     0  startup_armcm3.o(.text)
    CHLCD_IRQHandler                         0x00000207   Thumb Code     0  startup_armcm3.o(.text)
    CLCD_IRQHandler                          0x00000207   Thumb Code     0  startup_armcm3.o(.text)
    CPU_CLCD_IRQHandler                      0x00000207   Thumb Code     0  startup_armcm3.o(.text)
    ENET_IRQHandler                          0x00000207   Thumb Code     0  startup_armcm3.o(.text)
    FLEXRAY_IRQHandler                       0x00000207   Thumb Code     0  startup_armcm3.o(.text)
    I2C_IRQHandler                           0x00000207   Thumb Code     0  startup_armcm3.o(.text)
    LIN_IRQHandler                           0x00000207   Thumb Code     0  startup_armcm3.o(.text)
    MCIA_IRQHandler                          0x00000207   Thumb Code     0  startup_armcm3.o(.text)
    MCIB_IRQHandler                          0x00000207   Thumb Code     0  startup_armcm3.o(.text)
    RTC_IRQHandler                           0x00000207   Thumb Code     0  startup_armcm3.o(.text)
    SPI_IRQHandler                           0x00000207   Thumb Code     0  startup_armcm3.o(.text)
    TIM0_IRQHandler                          0x00000207   Thumb Code     0  startup_armcm3.o(.text)
    TIM2_IRQHandler                          0x00000207   Thumb Code     0  startup_armcm3.o(.text)
    UART0_IRQHandler                         0x00000207   Thumb Code     0  startup_armcm3.o(.text)
    UART1_IRQHandler                         0x00000207   Thumb Code     0  startup_armcm3.o(.text)
    UART2_IRQHandler                         0x00000207   Thumb Code     0  startup_armcm3.o(.text)
    UART3_IRQHandler                         0x00000207   Thumb Code     0  startup_armcm3.o(.text)
    UART4_IRQHandler                         0x00000207   Thumb Code     0  startup_armcm3.o(.text)
    USBDC_IRQHandler                         0x00000207   Thumb Code     0  startup_armcm3.o(.text)
    USBHC_IRQHandler                         0x00000207   Thumb Code     0  startup_armcm3.o(.text)
    WDT_IRQHandler                           0x00000207   Thumb Code     0  startup_armcm3.o(.text)
    __user_initial_stackheap                 0x00000209   Thumb Code    10  startup_armcm3.o(.text)
    __use_two_region_memory                  0x0000022d   Thumb Code     2  heapauxi.o(.text)
    __rt_heap_escrow$2region                 0x0000022f   Thumb Code     2  heapauxi.o(.text)
    __rt_heap_expand$2region                 0x00000231   Thumb Code     2  heapauxi.o(.text)
    __user_setup_stackheap                   0x00000233   Thumb Code    74  sys_stackheap_outer.o(.text)
    exit                                     0x0000027d   Thumb Code    18  exit.o(.text)
    __user_libspace                          0x00000291   Thumb Code     8  libspace.o(.text)
    __user_perproc_libspace                  0x00000291   Thumb Code     0  libspace.o(.text)
    __user_perthread_libspace                0x00000291   Thumb Code     0  libspace.o(.text)
    _sys_exit                                0x00000299   Thumb Code     8  sys_exit.o(.text)
    __I$use$semihosting                      0x000002a5   Thumb Code     0  use_no_semi.o(.text)
    __use_no_semihosting_swi                 0x000002a5   Thumb Code     2  use_no_semi.o(.text)
    __semihosting_library_function           0x000002a7   Thumb Code     0  indicate_semi.o(.text)
    SysTick_Handler                          0x000002a9   Thumb Code    54  port.o(i.SysTick_Handler)
    SystemInit                               0x000002e5   Thumb Code     8  system_armcm3.o(i.SystemInit)
    Task1_Entry                              0x000002f5   Thumb Code    28  main.o(i.Task1_Entry)
    Task2_Entry                              0x00000315   Thumb Code    28  main.o(i.Task2_Entry)
    Task3_Entry                              0x00000335   Thumb Code    26  main.o(i.Task3_Entry)
    delay                                    0x00000355   Thumb Code    10  main.o(i.delay)
    main                                     0x00000361   Thumb Code   112  main.o(i.main)
    prvInitialiseTaskLists                   0x0000058d   Thumb Code    52  task.o(i.prvInitialiseTaskLists)
    pxPortInitialiseStack                    0x0000060d   Thumb Code    30  port.o(i.pxPortInitialiseStack)
    uxListRemove                             0x00000631   Thumb Code    40  list.o(i.uxListRemove)
    vApplicationGetIdleTaskMemory            0x00000659   Thumb Code    14  main.o(i.vApplicationGetIdleTaskMemory)
    vListInitialise                          0x00000671   Thumb Code    26  list.o(i.vListInitialise)
    vListInitialiseItem                      0x0000068b   Thumb Code     6  list.o(i.vListInitialiseItem)
    vListInsert                              0x00000691   Thumb Code    52  list.o(i.vListInsert)
    vListInsertEnd                           0x000006c5   Thumb Code    24  list.o(i.vListInsertEnd)
    vPortEnterCritical                       0x000006dd   Thumb Code    30  port.o(i.vPortEnterCritical)
    vPortExitCritical                        0x00000701   Thumb Code    28  port.o(i.vPortExitCritical)
    vPortSetupTimerInterrupt                 0x00000721   Thumb Code    16  port.o(i.vPortSetupTimerInterrupt)
    vTaskDelay                               0x00000731   Thumb Code    34  task.o(i.vTaskDelay)
    vTaskStartScheduler                      0x0000075d   Thumb Code    70  task.o(i.vTaskStartScheduler)
    vTaskSwitchContext                       0x000007bd   Thumb Code    54  task.o(i.vTaskSwitchContext)
    xPortStartScheduler                      0x00000801   Thumb Code    36  port.o(i.xPortStartScheduler)
    xTaskCreateStatic                        0x00000829   Thumb Code    66  task.o(i.xTaskCreateStatic)
    xTaskIncrementTick                       0x0000086d   Thumb Code   198  task.o(i.xTaskIncrementTick)
    Region$$Table$$Base                      0x00000954   Number         0  anon$$obj.o(Region$$Table)
    Region$$Table$$Limit                     0x00000974   Number         0  anon$$obj.o(Region$$Table)
    flag1                                    0x20000000   Data           1  main.o(.data)
    flag2                                    0x20000001   Data           1  main.o(.data)
    flag3                                    0x20000002   Data           1  main.o(.data)
    Task1_Handle                             0x20000004   Data           4  main.o(.data)
    Task2_Handle                             0x20000008   Data           4  main.o(.data)
    Task3_Handle                             0x2000000c   Data           4  main.o(.data)
    pxCurrentTCB                             0x20000010   Data           4  task.o(.data)
    SystemCoreClock                          0x2000003c   Data           4  system_armcm3.o(.data)
    Task1Stack                               0x20000040   Data         512  main.o(.bss)
    Task1TCB                                 0x20000240   Data          52  main.o(.bss)
    Task2Stack                               0x20000274   Data         512  main.o(.bss)
    Task2TCB                                 0x20000474   Data          52  main.o(.bss)
    Task3Stack                               0x200004a8   Data         512  main.o(.bss)
    Task3TCB                                 0x200006a8   Data          52  main.o(.bss)
    IdleTaskStack                            0x200006dc   Data         512  main.o(.bss)
    IdleTaskTCB                              0x200008dc   Data          52  main.o(.bss)
    pxReadyTasksLists                        0x20000910   Data         100  task.o(.bss)
    __libspace_start                         0x2000099c   Data          96  libspace.o(.bss)
    __temporary_stack_top$libspace           0x200009fc   Data           0  libspace.o(.bss)



==============================================================================

Memory Map of the image

  Image Entry point : 0x000000c1

  Load Region LR_IROM1 (Base: 0x00000000, Size: 0x000009b4, Max: 0x00040000, ABSOLUTE)

    Execution Region ER_IROM1 (Base: 0x00000000, Size: 0x00000974, Max: 0x00040000, ABSOLUTE)

    Base Addr    Size         Type   Attr      Idx    E Section Name        Object

    0x00000000   0x000000c0   Data   RO          297    RESET               startup_armcm3.o
    0x000000c0   0x00000008   Code   RO          342  * !!!main             c_w.l(__main.o)
    0x000000c8   0x00000034   Code   RO          499    !!!scatter          c_w.l(__scatter.o)
    0x000000fc   0x0000001a   Code   RO          501    !!handler_copy      c_w.l(__scatter_copy.o)
    0x00000116   0x00000002   PAD
    0x00000118   0x0000001c   Code   RO          503    !!handler_zi        c_w.l(__scatter_zi.o)
    0x00000134   0x00000002   Code   RO          369    .ARM.Collect$$libinit$$00000000  c_w.l(libinit.o)
    0x00000136   0x00000000   Code   RO          376    .ARM.Collect$$libinit$$00000002  c_w.l(libinit2.o)
    0x00000136   0x00000000   Code   RO          378    .ARM.Collect$$libinit$$00000004  c_w.l(libinit2.o)
    0x00000136   0x00000000   Code   RO          381    .ARM.Collect$$libinit$$0000000A  c_w.l(libinit2.o)
    0x00000136   0x00000000   Code   RO          383    .ARM.Collect$$libinit$$0000000C  c_w.l(libinit2.o)
    0x00000136   0x00000000   Code   RO          385    .ARM.Collect$$libinit$$0000000E  c_w.l(libinit2.o)
    0x00000136   0x00000000   Code   RO          388    .ARM.Collect$$libinit$$00000011  c_w.l(libinit2.o)
    0x00000136   0x00000000   Code   RO          390    .ARM.Collect$$libinit$$00000013  c_w.l(libinit2.o)
    0x00000136   0x00000000   Code   RO          392    .ARM.Collect$$libinit$$00000015  c_w.l(libinit2.o)
    0x00000136   0x00000000   Code   RO          394    .ARM.Collect$$libinit$$00000017  c_w.l(libinit2.o)
    0x00000136   0x00000000   Code   RO          396    .ARM.Collect$$libinit$$00000019  c_w.l(libinit2.o)
    0x00000136   0x00000000   Code   RO          398    .ARM.Collect$$libinit$$0000001B  c_w.l(libinit2.o)
    0x00000136   0x00000000   Code   RO          400    .ARM.Collect$$libinit$$0000001D  c_w.l(libinit2.o)
    0x00000136   0x00000000   Code   RO          402    .ARM.Collect$$libinit$$0000001F  c_w.l(libinit2.o)
    0x00000136   0x00000000   Code   RO          404    .ARM.Collect$$libinit$$00000021  c_w.l(libinit2.o)
    0x00000136   0x00000000   Code   RO          406    .ARM.Collect$$libinit$$00000023  c_w.l(libinit2.o)
    0x00000136   0x00000000   Code   RO          408    .ARM.Collect$$libinit$$00000025  c_w.l(libinit2.o)
    0x00000136   0x00000000   Code   RO          412    .ARM.Collect$$libinit$$0000002C  c_w.l(libinit2.o)
    0x00000136   0x00000000   Code   RO          414    .ARM.Collect$$libinit$$0000002E  c_w.l(libinit2.o)
    0x00000136   0x00000000   Code   RO          416    .ARM.Collect$$libinit$$00000030  c_w.l(libinit2.o)
    0x00000136   0x00000000   Code   RO          418    .ARM.Collect$$libinit$$00000032  c_w.l(libinit2.o)
    0x00000136   0x00000002   Code   RO          419    .ARM.Collect$$libinit$$00000033  c_w.l(libinit2.o)
    0x00000138   0x00000002   Code   RO          439    .ARM.Collect$$libshutdown$$00000000  c_w.l(libshutdown.o)
    0x0000013a   0x00000000   Code   RO          452    .ARM.Collect$$libshutdown$$00000002  c_w.l(libshutdown2.o)
    0x0000013a   0x00000000   Code   RO          454    .ARM.Collect$$libshutdown$$00000004  c_w.l(libshutdown2.o)
    0x0000013a   0x00000000   Code   RO          457    .ARM.Collect$$libshutdown$$00000007  c_w.l(libshutdown2.o)
    0x0000013a   0x00000000   Code   RO          460    .ARM.Collect$$libshutdown$$0000000A  c_w.l(libshutdown2.o)
    0x0000013a   0x00000000   Code   RO          462    .ARM.Collect$$libshutdown$$0000000C  c_w.l(libshutdown2.o)
    0x0000013a   0x00000000   Code   RO          465    .ARM.Collect$$libshutdown$$0000000F  c_w.l(libshutdown2.o)
    0x0000013a   0x00000002   Code   RO          466    .ARM.Collect$$libshutdown$$00000010  c_w.l(libshutdown2.o)
    0x0000013c   0x00000000   Code   RO          344    .ARM.Collect$$rtentry$$00000000  c_w.l(__rtentry.o)
    0x0000013c   0x00000000   Code   RO          346    .ARM.Collect$$rtentry$$00000002  c_w.l(__rtentry2.o)
    0x0000013c   0x00000006   Code   RO          358    .ARM.Collect$$rtentry$$00000004  c_w.l(__rtentry4.o)
    0x00000142   0x00000000   Code   RO          348    .ARM.Collect$$rtentry$$00000009  c_w.l(__rtentry2.o)
    0x00000142   0x00000004   Code   RO          349    .ARM.Collect$$rtentry$$0000000A  c_w.l(__rtentry2.o)
    0x00000146   0x00000000   Code   RO          351    .ARM.Collect$$rtentry$$0000000C  c_w.l(__rtentry2.o)
    0x00000146   0x00000008   Code   RO          352    .ARM.Collect$$rtentry$$0000000D  c_w.l(__rtentry2.o)
    0x0000014e   0x00000002   Code   RO          373    .ARM.Collect$$rtexit$$00000000  c_w.l(rtexit.o)
    0x00000150   0x00000000   Code   RO          421    .ARM.Collect$$rtexit$$00000002  c_w.l(rtexit2.o)
    0x00000150   0x00000004   Code   RO          422    .ARM.Collect$$rtexit$$00000003  c_w.l(rtexit2.o)
    0x00000154   0x00000006   Code   RO          423    .ARM.Collect$$rtexit$$00000004  c_w.l(rtexit2.o)
    0x0000015a   0x00000002   PAD
    0x0000015c   0x00000090   Code   RO          203    .emb_text           port.o
    0x000001ec   0x00000040   Code   RO          298    .text               startup_armcm3.o
    0x0000022c   0x00000006   Code   RO          340    .text               c_w.l(heapauxi.o)
    0x00000232   0x0000004a   Code   RO          360    .text               c_w.l(sys_stackheap_outer.o)
    0x0000027c   0x00000012   Code   RO          362    .text               c_w.l(exit.o)
    0x0000028e   0x00000002   PAD
    0x00000290   0x00000008   Code   RO          370    .text               c_w.l(libspace.o)
    0x00000298   0x0000000c   Code   RO          431    .text               c_w.l(sys_exit.o)
    0x000002a4   0x00000002   Code   RO          442    .text               c_w.l(use_no_semi.o)
    0x000002a6   0x00000000   Code   RO          444    .text               c_w.l(indicate_semi.o)
    0x000002a6   0x00000002   PAD
    0x000002a8   0x0000003c   Code   RO          204    i.SysTick_Handler   port.o
    0x000002e4   0x00000010   Code   RO          306    i.SystemInit        system_armcm3.o
    0x000002f4   0x00000020   Code   RO            1    i.Task1_Entry       main.o
    0x00000314   0x00000020   Code   RO            2    i.Task2_Entry       main.o
    0x00000334   0x00000020   Code   RO            3    i.Task3_Entry       main.o
    0x00000354   0x0000000a   Code   RO            4    i.delay             main.o
    0x0000035e   0x00000002   PAD
    0x00000360   0x000000b8   Code   RO            5    i.main              main.o
    0x00000418   0x0000007c   Code   RO          125    i.prvAddCurrentTaskToDelayedList  task.o
    0x00000494   0x00000084   Code   RO          126    i.prvAddNewTaskToReadyList  task.o
    0x00000518   0x00000004   Code   RO          127    i.prvIdleTask       task.o
    0x0000051c   0x0000006e   Code   RO          128    i.prvInitialiseNewTask  task.o
    0x0000058a   0x00000002   PAD
    0x0000058c   0x00000048   Code   RO          129    i.prvInitialiseTaskLists  task.o
    0x000005d4   0x00000034   Code   RO          130    i.prvResetNextTaskUnblockTime  task.o
    0x00000608   0x00000004   Code   RO          205    i.prvTaskExitError  port.o
    0x0000060c   0x00000024   Code   RO          206    i.pxPortInitialiseStack  port.o
    0x00000630   0x00000028   Code   RO           77    i.uxListRemove      list.o
    0x00000658   0x00000018   Code   RO            6    i.vApplicationGetIdleTaskMemory  main.o
    0x00000670   0x0000001a   Code   RO           78    i.vListInitialise   list.o
    0x0000068a   0x00000006   Code   RO           79    i.vListInitialiseItem  list.o
    0x00000690   0x00000034   Code   RO           80    i.vListInsert       list.o
    0x000006c4   0x00000018   Code   RO           81    i.vListInsertEnd    list.o
    0x000006dc   0x00000024   Code   RO          207    i.vPortEnterCritical  port.o
    0x00000700   0x00000020   Code   RO          208    i.vPortExitCritical  port.o
    0x00000720   0x00000010   Code   RO          209    i.vPortSetupTimerInterrupt  port.o
    0x00000730   0x0000002c   Code   RO          131    i.vTaskDelay        task.o
    0x0000075c   0x00000060   Code   RO          132    i.vTaskStartScheduler  task.o
    0x000007bc   0x00000044   Code   RO          133    i.vTaskSwitchContext  task.o
    0x00000800   0x00000028   Code   RO          210    i.xPortStartScheduler  port.o
    0x00000828   0x00000042   Code   RO          134    i.xTaskCreateStatic  task.o
    0x0000086a   0x00000002   PAD
    0x0000086c   0x000000e8   Code   RO          135    i.xTaskIncrementTick  task.o
    0x00000954   0x00000020   Data   RO          497    Region$$Table       anon$$obj.o


    Execution Region RW_IRAM1 (Base: 0x20000000, Size: 0x00001a00, Max: 0x00020000, ABSOLUTE)

    Base Addr    Size         Type   Attr      Idx    E Section Name        Object

    0x20000000   0x00000010   Data   RW            8    .data               main.o
    0x20000010   0x00000028   Data   RW          137    .data               task.o
    0x20000038   0x00000004   Data   RW          211    .data               port.o
    0x2000003c   0x00000004   Data   RW          307    .data               system_armcm3.o
    0x20000040   0x000008d0   Zero   RW            7    .bss                main.o
    0x20000910   0x0000008c   Zero   RW          136    .bss                task.o
    0x2000099c   0x00000060   Zero   RW          371    .bss                c_w.l(libspace.o)
    0x200009fc   0x00000004   PAD
    0x20000a00   0x00000c00   Zero   RW          296    HEAP                startup_armcm3.o
    0x20001600   0x00000400   Zero   RW          295    STACK               startup_armcm3.o


==============================================================================

Image component sizes


      Code (inc. data)   RO Data    RW Data    ZI Data      Debug   Object Name

       148          0          0          0          0       6610   list.o
       314         96          0         16       2256      13426   main.o
       368         38          0          4          0       7604   port.o
        64         26        192          0       4096        844   startup_armcm3.o
        16          8          0          4          0        667   system_armcm3.o
      1000        162          0         40        140       9587   task.o

    ----------------------------------------------------------------------
      1916        330        224         64       6492      38738   Object Totals
         0          0         32          0          0          0   (incl. Generated)
         6          0          0          0          0          0   (incl. Padding)

    ----------------------------------------------------------------------

      Code (inc. data)   RO Data    RW Data    ZI Data      Debug   Library Member Name

         8          0          0          0          0         68   __main.o
         0          0          0          0          0          0   __rtentry.o
        12          0          0          0          0          0   __rtentry2.o
         6          0          0          0          0          0   __rtentry4.o
        52          8          0          0          0          0   __scatter.o
        26          0          0          0          0          0   __scatter_copy.o
        28          0          0          0          0          0   __scatter_zi.o
        18          0          0          0          0         80   exit.o
         6          0          0          0          0        152   heapauxi.o
         0          0          0          0          0          0   indicate_semi.o
         2          0          0          0          0          0   libinit.o
         2          0          0          0          0          0   libinit2.o
         2          0          0          0          0          0   libshutdown.o
         2          0          0          0          0          0   libshutdown2.o
         8          4          0          0         96         68   libspace.o
         2          0          0          0          0          0   rtexit.o
        10          0          0          0          0          0   rtexit2.o
        12          4          0          0          0         68   sys_exit.o
        74          0          0          0          0         80   sys_stackheap_outer.o
         2          0          0          0          0         68   use_no_semi.o

    ----------------------------------------------------------------------
       280         16          0          0        100        584   Library Totals
         8          0          0          0          4          0   (incl. Padding)

    ----------------------------------------------------------------------

      Code (inc. data)   RO Data    RW Data    ZI Data      Debug   Library Name

       272         16          0          0         96        584   c_w.l

    ----------------------------------------------------------------------
       280         16          0          0        100        584   Library Totals

    ----------------------------------------------------------------------

==============================================================================


      Code (inc. data)   RO Data    RW Data    ZI Data      Debug   

      2196        346        224         64       6592      37706   Grand Totals
      2196        346        224         64       6592      37706   ELF Image Totals
      2196        346        224         64          0          0   ROM Totals

==============================================================================

    Total RO  Size (Code + RO Data)                 2420 (   2.36kB)
    Total RW  Size (RW Data + ZI Data)              6656 (   6.50kB)
    Total ROM Size (Code + RO Data + RW Data)       2484 (   2.43kB)

==============================================================================

