<html>
<body>
<pre>
<h1>µVision Build Log</h1>
<h2>Tool Versions:</h2>
IDE-Version: ¦ÌVision V5.21.1.0
Copyright (C) 2016 ARM Ltd and ARM Germany GmbH. All rights reserved.
License Information: 11 1670828, HP Inc., LIC=AK101-CEZMX-NRPXL-0NW4H-PZ1PD-VQWKV
 
Tool Versions:
Toolchain:       MDK-ARM Professional  Version: 5.21a
Toolchain Path:  D:\KEIL5\MDK\ARM\ARMCC\Bin
C Compiler:      Armcc.exe V5.06 update 3 (build 300)
Assembler:       Armasm.exe V5.06 update 3 (build 300)
Linker/Locator:  ArmLink.exe V5.06 update 3 (build 300)
Library Manager: ArmAr.exe V5.06 update 3 (build 300)
Hex Converter:   FromElf.exe V5.06 update 3 (build 300)
CPU DLL:         SARMCM3.DLL V5.21a
Dialog DLL:      DCM.DLL V1.13.8.0
Target DLL:      UL2CM3.DLL V1.158.5.0
Dialog DLL:      TCM.DLL V1.14.14.0
 
<h2>Project:</h2>
D:\projects\CodeForZoe\rtos_work\FreeRTOS\Project\freertos.uvprojx
Project File Date:  02/23/2021

<h2>Output:</h2>
*** Using Compiler 'V5.06 update 3 (build 300)', folder: 'D:\KEIL5\MDK\ARM\ARMCC\Bin'
Rebuild target 'Target 1'
assembling startup_ARMCM3.s...
compiling main.c...
compiling list.c...
compiling task.c...
..\freertos\src\task.c(309): warning:  #550-D: variable "pxTCB" was set but never used
      TCB_t *pxTCB = NULL;
..\freertos\src\task.c(10): warning:  #550-D: variable "xIdleTaskHandle" was set but never used
  static TaskHandle_t xIdleTaskHandle					= NULL;
..\freertos\src\task.c: 2 warnings, 0 errors
compiling system_ARMCM3.c...
compiling port.c...
linking...
Program Size: Code=2052 RO-data=224 RW-data=60 ZI-data=6028  
".\Objects\freertos.axf" - 0 Error(s), 2 Warning(s).

<h2>Software Packages used:</h2>

Package Vendor: ARM
                http://www.keil.com/pack/ARM.CMSIS.4.5.0.pack
                ARM::CMSIS:CORE:4.3.0
                CMSIS (Cortex Microcontroller Software Interface Standard)
   * Component: CORE Version: 4.3.0
   * Component: Startup Version: 1.0.1

<h2>Collection of Component include folders:</h2>
  D:\projects\CodeForZoe\rtos_work\FreeRTOS\Project\RTE
  D:\KEIL5\MDK\ARM\PACK\ARM\CMSIS\4.5.0\CMSIS\Include
  D:\KEIL5\MDK\ARM\PACK\ARM\CMSIS\4.5.0\Device\ARM\ARMCM3\Include

<h2>Collection of Component Files used:</h2>

   * Component: ARM::CMSIS:CORE:4.3.0

   * Component: ARM::Device:Startup:1.0.1
      Include file:  Device\ARM\ARMCM3\Include\ARMCM3.h
      Source file:   Device\ARM\ARMCM3\Source\system_ARMCM3.c
      Source file:   Device\ARM\ARMCM3\Source\ARM\startup_ARMCM3.s
Build Time Elapsed:  00:00:00
</pre>
</body>
</html>
